<?xml version="1.0" encoding="UTF-8"?>
<TestRun id="bd4a8b48-3e4c-48da-adb7-9cd760205632" name="kevin.moormann@KMOORMANNHOU7 2012-03-29 23:09:27" runUser="PARIVEDA\kevin.moormann" xmlns="http://microsoft.com/schemas/VisualStudio/TeamTest/2010">
  <TestSettings name="Local" id="0cbdb401-3a29-44c0-80d9-02507ba272b6">
    <Description>These are default test settings for a local test run.</Description>
    <Deployment enabled="false" runDeploymentRoot="kevin.moormann_KMOORMANNHOU7 2012-03-29 23_09_27">
      <DeploymentItem filename="C:\Source\HDNMeetup\HDNMeetup\bin\Debug\HDNMeetup.dll" />
    </Deployment>
    <Execution>
      <TestTypeSpecific />
      <AgentRule name="Execution Agents">
      </AgentRule>
    </Execution>
  </TestSettings>
  <Times creation="2012-03-29T23:09:27.1622572-05:00" queuing="2012-03-29T23:09:28.2743208-05:00" start="2012-03-29T23:09:28.4213292-05:00" finish="2012-03-29T23:09:51.9726763-05:00" />
  <ResultSummary outcome="Completed">
    <Counters total="6" executed="6" passed="6" error="0" failed="0" timeout="0" aborted="0" inconclusive="0" passedButRunAborted="0" notRunnable="0" notExecuted="0" disconnected="0" warning="0" completed="0" inProgress="0" pending="0" />
  </ResultSummary>
  <TestDefinitions>
    <UnitTest name="FindsRightMostElementTest" storage="c:\source\hdnmeetup\binarychop.test\bin\debug\binarychop.test.dll" id="463d26a1-d7d9-5910-dd71-a3fce743547a">
      <Execution id="39dd1274-cc00-4e25-a3a1-7ccba7389acc" />
      <TestMethod codeBase="C:/Source/HDNMeetup/BinaryChop.Test/bin/Debug/BinaryChop.Test.DLL" adapterTypeName="Microsoft.VisualStudio.TestTools.TestTypes.Unit.UnitTestAdapter, Microsoft.VisualStudio.QualityTools.Tips.UnitTest.Adapter, Version=10.0.0.0, Culture=neutral, PublicKeyToken=b03f5f7f11d50a3a" className="BinaryChop.Test.BinaryChopTest, BinaryChop.Test, Version=1.0.0.0, Culture=neutral, PublicKeyToken=null" name="FindsRightMostElementTest" />
    </UnitTest>
    <UnitTest name="FindsAnyElementPosition" storage="c:\source\hdnmeetup\binarychop.test\bin\debug\binarychop.test.dll" id="32da3871-5f01-607a-0c6d-7b7ad5ba2961">
      <Execution id="5a295a87-dc5c-4c71-b9fd-4cc71f9edc54" />
      <TestMethod codeBase="C:/Source/HDNMeetup/BinaryChop.Test/bin/Debug/BinaryChop.Test.DLL" adapterTypeName="Microsoft.VisualStudio.TestTools.TestTypes.Unit.UnitTestAdapter, Microsoft.VisualStudio.QualityTools.Tips.UnitTest.Adapter, Version=10.0.0.0, Culture=neutral, PublicKeyToken=b03f5f7f11d50a3a" className="BinaryChop.Test.BinaryChopTest, BinaryChop.Test, Version=1.0.0.0, Culture=neutral, PublicKeyToken=null" name="FindsAnyElementPosition" />
    </UnitTest>
    <UnitTest name="HandlesEmptyArrayTest" storage="c:\source\hdnmeetup\binarychop.test\bin\debug\binarychop.test.dll" id="7028736f-ab32-220d-04c5-5a909c8a84bd">
      <Execution id="8046a11f-17fc-4f55-9ac8-ce5659799822" />
      <TestMethod codeBase="C:/Source/HDNMeetup/BinaryChop.Test/bin/Debug/BinaryChop.Test.DLL" adapterTypeName="Microsoft.VisualStudio.TestTools.TestTypes.Unit.UnitTestAdapter, Microsoft.VisualStudio.QualityTools.Tips.UnitTest.Adapter, Version=10.0.0.0, Culture=neutral, PublicKeyToken=b03f5f7f11d50a3a" className="BinaryChop.Test.BinaryChopTest, BinaryChop.Test, Version=1.0.0.0, Culture=neutral, PublicKeyToken=null" name="HandlesEmptyArrayTest" />
    </UnitTest>
    <UnitTest name="SingleElementArrayFoundTest" storage="c:\source\hdnmeetup\binarychop.test\bin\debug\binarychop.test.dll" id="c86d2b9f-1352-9a5b-8d44-0177ec43cf87">
      <Execution id="5aec9781-739d-4923-856e-ec8fba4da1e2" />
      <TestMethod codeBase="C:/Source/HDNMeetup/BinaryChop.Test/bin/Debug/BinaryChop.Test.DLL" adapterTypeName="Microsoft.VisualStudio.TestTools.TestTypes.Unit.UnitTestAdapter, Microsoft.VisualStudio.QualityTools.Tips.UnitTest.Adapter, Version=10.0.0.0, Culture=neutral, PublicKeyToken=b03f5f7f11d50a3a" className="BinaryChop.Test.BinaryChopTest, BinaryChop.Test, Version=1.0.0.0, Culture=neutral, PublicKeyToken=null" name="SingleElementArrayFoundTest" />
    </UnitTest>
    <UnitTest name="SingleElementArrayNotFoundTest" storage="c:\source\hdnmeetup\binarychop.test\bin\debug\binarychop.test.dll" id="06bb51fc-58c1-91eb-8bb4-8b183b6d1fce">
      <Execution id="94139357-6fc5-466d-85b0-4254ea5767b0" />
      <TestMethod codeBase="C:/Source/HDNMeetup/BinaryChop.Test/bin/Debug/BinaryChop.Test.DLL" adapterTypeName="Microsoft.VisualStudio.TestTools.TestTypes.Unit.UnitTestAdapter, Microsoft.VisualStudio.QualityTools.Tips.UnitTest.Adapter, Version=10.0.0.0, Culture=neutral, PublicKeyToken=b03f5f7f11d50a3a" className="BinaryChop.Test.BinaryChopTest, BinaryChop.Test, Version=1.0.0.0, Culture=neutral, PublicKeyToken=null" name="SingleElementArrayNotFoundTest" />
    </UnitTest>
    <UnitTest name="FindsLeftMostElementTest" storage="c:\source\hdnmeetup\binarychop.test\bin\debug\binarychop.test.dll" id="7d163b4d-4f64-d468-14d8-29b259b35546">
      <Execution id="d67e64d0-5d62-4464-909c-0f601197fd7f" />
      <TestMethod codeBase="C:/Source/HDNMeetup/BinaryChop.Test/bin/Debug/BinaryChop.Test.DLL" adapterTypeName="Microsoft.VisualStudio.TestTools.TestTypes.Unit.UnitTestAdapter, Microsoft.VisualStudio.QualityTools.Tips.UnitTest.Adapter, Version=10.0.0.0, Culture=neutral, PublicKeyToken=b03f5f7f11d50a3a" className="BinaryChop.Test.BinaryChopTest, BinaryChop.Test, Version=1.0.0.0, Culture=neutral, PublicKeyToken=null" name="FindsLeftMostElementTest" />
    </UnitTest>
  </TestDefinitions>
  <TestLists>
    <TestList name="Results Not in a List" id="8c84fa94-04c1-424b-9868-57a2d4851a1d" />
    <TestList name="All Loaded Results" id="19431567-8539-422a-85d7-44ee4e166bda" />
  </TestLists>
  <TestEntries>
    <TestEntry testId="06bb51fc-58c1-91eb-8bb4-8b183b6d1fce" executionId="94139357-6fc5-466d-85b0-4254ea5767b0" testListId="8c84fa94-04c1-424b-9868-57a2d4851a1d" />
    <TestEntry testId="32da3871-5f01-607a-0c6d-7b7ad5ba2961" executionId="5a295a87-dc5c-4c71-b9fd-4cc71f9edc54" testListId="8c84fa94-04c1-424b-9868-57a2d4851a1d" />
    <TestEntry testId="463d26a1-d7d9-5910-dd71-a3fce743547a" executionId="39dd1274-cc00-4e25-a3a1-7ccba7389acc" testListId="8c84fa94-04c1-424b-9868-57a2d4851a1d" />
    <TestEntry testId="7028736f-ab32-220d-04c5-5a909c8a84bd" executionId="8046a11f-17fc-4f55-9ac8-ce5659799822" testListId="8c84fa94-04c1-424b-9868-57a2d4851a1d" />
    <TestEntry testId="7d163b4d-4f64-d468-14d8-29b259b35546" executionId="d67e64d0-5d62-4464-909c-0f601197fd7f" testListId="8c84fa94-04c1-424b-9868-57a2d4851a1d" />
    <TestEntry testId="c86d2b9f-1352-9a5b-8d44-0177ec43cf87" executionId="5aec9781-739d-4923-856e-ec8fba4da1e2" testListId="8c84fa94-04c1-424b-9868-57a2d4851a1d" />
  </TestEntries>
  <Results>
    <UnitTestResult executionId="94139357-6fc5-466d-85b0-4254ea5767b0" testId="06bb51fc-58c1-91eb-8bb4-8b183b6d1fce" testName="SingleElementArrayNotFoundTest" computerName="KMOORMANNHOU7" duration="00:00:00.0198957" startTime="2012-03-29T23:09:28.5633374-05:00" endTime="2012-03-29T23:09:29.5823956-05:00" testType="13cdc9d9-ddb5-4fa4-a97d-d965ccfc6d4b" outcome="Passed" testListId="8c84fa94-04c1-424b-9868-57a2d4851a1d" relativeResultsDirectory="94139357-6fc5-466d-85b0-4254ea5767b0">
    </UnitTestResult>
    <UnitTestResult executionId="5a295a87-dc5c-4c71-b9fd-4cc71f9edc54" testId="32da3871-5f01-607a-0c6d-7b7ad5ba2961" testName="FindsAnyElementPosition" computerName="KMOORMANNHOU7" duration="00:00:22.2261204" startTime="2012-03-29T23:09:29.5923962-05:00" endTime="2012-03-29T23:09:51.8246678-05:00" testType="13cdc9d9-ddb5-4fa4-a97d-d965ccfc6d4b" outcome="Passed" testListId="8c84fa94-04c1-424b-9868-57a2d4851a1d" relativeResultsDirectory="5a295a87-dc5c-4c71-b9fd-4cc71f9edc54">
    </UnitTestResult>
    <UnitTestResult executionId="39dd1274-cc00-4e25-a3a1-7ccba7389acc" testId="463d26a1-d7d9-5910-dd71-a3fce743547a" testName="FindsRightMostElementTest" computerName="KMOORMANNHOU7" duration="00:00:00.0003585" startTime="2012-03-29T23:09:51.8546695-05:00" endTime="2012-03-29T23:09:51.8656702-05:00" testType="13cdc9d9-ddb5-4fa4-a97d-d965ccfc6d4b" outcome="Passed" testListId="8c84fa94-04c1-424b-9868-57a2d4851a1d" relativeResultsDirectory="39dd1274-cc00-4e25-a3a1-7ccba7389acc">
    </UnitTestResult>
    <UnitTestResult executionId="8046a11f-17fc-4f55-9ac8-ce5659799822" testId="7028736f-ab32-220d-04c5-5a909c8a84bd" testName="HandlesEmptyArrayTest" computerName="KMOORMANNHOU7" duration="00:00:00.0002115" startTime="2012-03-29T23:09:51.8846713-05:00" endTime="2012-03-29T23:09:51.8896715-05:00" testType="13cdc9d9-ddb5-4fa4-a97d-d965ccfc6d4b" outcome="Passed" testListId="8c84fa94-04c1-424b-9868-57a2d4851a1d" relativeResultsDirectory="8046a11f-17fc-4f55-9ac8-ce5659799822">
    </UnitTestResult>
    <UnitTestResult executionId="d67e64d0-5d62-4464-909c-0f601197fd7f" testId="7d163b4d-4f64-d468-14d8-29b259b35546" testName="FindsLeftMostElementTest" computerName="KMOORMANNHOU7" duration="00:00:00.0002170" startTime="2012-03-29T23:09:51.8976720-05:00" endTime="2012-03-29T23:09:51.9026723-05:00" testType="13cdc9d9-ddb5-4fa4-a97d-d965ccfc6d4b" outcome="Passed" testListId="8c84fa94-04c1-424b-9868-57a2d4851a1d" relativeResultsDirectory="d67e64d0-5d62-4464-909c-0f601197fd7f">
    </UnitTestResult>
    <UnitTestResult executionId="5aec9781-739d-4923-856e-ec8fba4da1e2" testId="c86d2b9f-1352-9a5b-8d44-0177ec43cf87" testName="SingleElementArrayFoundTest" computerName="KMOORMANNHOU7" duration="00:00:00.0002327" startTime="2012-03-29T23:09:51.9106727-05:00" endTime="2012-03-29T23:09:51.9176731-05:00" testType="13cdc9d9-ddb5-4fa4-a97d-d965ccfc6d4b" outcome="Passed" testListId="8c84fa94-04c1-424b-9868-57a2d4851a1d" relativeResultsDirectory="5aec9781-739d-4923-856e-ec8fba4da1e2">
    </UnitTestResult>
  </Results>
</TestRun>